// Jest Snapshot v1, https://goo.gl/fbAQLP

exports[`DOM snapshot 1`] = `
<div
  id="root"
>
  
    
  <div
    class="app-container"
  >
    
      
    <div
      class="app-data-list"
    >
      
        
      <div
        class="app-data-item"
      >
        test name 0
      </div>
      <div
        class="app-data-item"
      >
        test name 1
      </div>
      <div
        class="app-data-item"
      >
        test name 2
      </div>
      <div
        class="app-data-item"
      >
        test name 3
      </div>
      <div
        class="app-data-item"
      >
        test name 4
      </div>
      
      
    </div>
    
    
  </div>
  
  
</div>
`;
