// Jest Snapshot v1, https://goo.gl/fbAQLP

exports[`App snapshot 1`] = `
<div>
  <div
    class="app-counter"
  >
    <div
      class="counter-text"
    >
      count:
      0
    </div>
    <button
      class="counter-btn"
    >
      Add
    </button>
  </div>
</div>
`;
